CCS PCM C Compiler, Version 5.008, 5967               16-abr.-21 08:52

               Filename:   C:\Users\Ignacio\OneDrive\Documentos\002_CAF\cafProyect01\PIC_16F628A_I-P\proyectoDisplay.lst

               ROM used:   1542 words (75%)
                           Largest free fragment is 506
               RAM used:   9 (4%) at main() level
                           16 (7%) worst case
               Stack used: 4 locations
               Stack size: 8

*
0000:  MOVLW  02
0001:  MOVWF  0A
0002:  GOTO   2D2
0003:  NOP
.................... #include <16F628A.h> 
.................... //////// Standard Header file for the PIC16F628A device //////////////// 
.................... #device PIC16F628A 
0004:  BCF    0A.0
0005:  BCF    0A.1
0006:  BCF    0A.2
0007:  ADDWF  02,F
0008:  RETLW  28
0009:  RETLW  0C
000A:  RETLW  01
000B:  RETLW  06
000C:  BCF    0A.0
000D:  BCF    0A.1
000E:  BCF    0A.2
000F:  ADDWF  02,F
0010:  RETLW  0C
0011:  RETLW  00
0012:  BCF    0A.0
0013:  BCF    0A.1
0014:  BCF    0A.2
0015:  ADDWF  02,F
0016:  RETLW  45
0017:  RETLW  73
0018:  RETLW  70
0019:  RETLW  65
001A:  RETLW  72
001B:  RETLW  61
001C:  RETLW  6E
001D:  RETLW  64
001E:  RETLW  6F
001F:  RETLW  20
0020:  RETLW  45
0021:  RETLW  52
0022:  RETLW  52
0023:  RETLW  4F
0024:  RETLW  52
0025:  RETLW  00
0026:  BCF    0A.0
0027:  BCF    0A.1
0028:  BCF    0A.2
0029:  ADDWF  02,F
002A:  RETLW  52
002B:  RETLW  65
002C:  RETLW  67
002D:  RETLW  69
002E:  RETLW  73
002F:  RETLW  74
0030:  RETLW  72
0031:  RETLW  61
0032:  RETLW  64
0033:  RETLW  6F
0034:  RETLW  72
0035:  RETLW  20
0036:  RETLW  64
0037:  RETLW  65
0038:  RETLW  20
0039:  RETLW  45
003A:  RETLW  76
003B:  RETLW  65
003C:  RETLW  6E
003D:  RETLW  74
003E:  RETLW  6F
003F:  RETLW  73
0040:  RETLW  00
0041:  BCF    0A.0
0042:  BCF    0A.1
0043:  BCF    0A.2
0044:  ADDWF  02,F
0045:  RETLW  45
0046:  RETLW  72
0047:  RETLW  72
0048:  RETLW  6F
0049:  RETLW  72
004A:  RETLW  20
004B:  RETLW  65
004C:  RETLW  6E
004D:  RETLW  3A
004E:  RETLW  00
004F:  BCF    0A.0
0050:  BCF    0A.1
0051:  BCF    0A.2
0052:  ADDWF  02,F
0053:  RETLW  45
0054:  RETLW  52
0055:  RETLW  52
0056:  RETLW  4F
0057:  RETLW  52
0058:  RETLW  5F
0059:  RETLW  30
005A:  RETLW  31
005B:  RETLW  31
005C:  RETLW  3A
005D:  RETLW  20
005E:  RETLW  6C
005F:  RETLW  61
0060:  RETLW  20
0061:  RETLW  76
0062:  RETLW  61
0063:  RETLW  72
0064:  RETLW  69
0065:  RETLW  61
0066:  RETLW  62
0067:  RETLW  6C
0068:  RETLW  65
0069:  RETLW  20
006A:  RETLW  58
006B:  RETLW  31
006C:  RETLW  5F
006D:  RETLW  56
006E:  RETLW  54
006F:  RETLW  5F
0070:  RETLW  30
0071:  RETLW  35
0072:  RETLW  00
0073:  BCF    0A.0
0074:  BCF    0A.1
0075:  BCF    0A.2
0076:  ADDWF  02,F
0077:  RETLW  45
0078:  RETLW  52
0079:  RETLW  52
007A:  RETLW  4F
007B:  RETLW  52
007C:  RETLW  5F
007D:  RETLW  30
007E:  RETLW  32
007F:  RETLW  31
0080:  RETLW  3A
0081:  RETLW  20
0082:  RETLW  6C
0083:  RETLW  61
0084:  RETLW  20
0085:  RETLW  76
0086:  RETLW  61
0087:  RETLW  72
0088:  RETLW  69
0089:  RETLW  61
008A:  RETLW  62
008B:  RETLW  6C
008C:  RETLW  65
008D:  RETLW  20
008E:  RETLW  58
008F:  RETLW  37
0090:  RETLW  5F
0091:  RETLW  56
0092:  RETLW  54
0093:  RETLW  5F
0094:  RETLW  30
0095:  RETLW  35
0096:  RETLW  00
0097:  BCF    0A.0
0098:  BCF    0A.1
0099:  BCF    0A.2
009A:  ADDWF  02,F
009B:  RETLW  45
009C:  RETLW  52
009D:  RETLW  52
009E:  RETLW  4F
009F:  RETLW  52
00A0:  RETLW  5F
00A1:  RETLW  30
00A2:  RETLW  33
00A3:  RETLW  31
00A4:  RETLW  3A
00A5:  RETLW  20
00A6:  RETLW  6C
00A7:  RETLW  61
00A8:  RETLW  20
00A9:  RETLW  76
00AA:  RETLW  61
00AB:  RETLW  72
00AC:  RETLW  69
00AD:  RETLW  61
00AE:  RETLW  62
00AF:  RETLW  6C
00B0:  RETLW  65
00B1:  RETLW  20
00B2:  RETLW  58
00B3:  RETLW  36
00B4:  RETLW  5F
00B5:  RETLW  56
00B6:  RETLW  54
00B7:  RETLW  5F
00B8:  RETLW  30
00B9:  RETLW  35
00BA:  RETLW  00
00BB:  BCF    0A.0
00BC:  BCF    0A.1
00BD:  BCF    0A.2
00BE:  ADDWF  02,F
00BF:  RETLW  45
00C0:  RETLW  52
00C1:  RETLW  52
00C2:  RETLW  4F
00C3:  RETLW  52
00C4:  RETLW  5F
00C5:  RETLW  30
00C6:  RETLW  31
00C7:  RETLW  32
00C8:  RETLW  3A
00C9:  RETLW  20
00CA:  RETLW  6C
00CB:  RETLW  61
00CC:  RETLW  20
00CD:  RETLW  76
00CE:  RETLW  61
00CF:  RETLW  72
00D0:  RETLW  69
00D1:  RETLW  61
00D2:  RETLW  62
00D3:  RETLW  6C
00D4:  RETLW  65
00D5:  RETLW  20
00D6:  RETLW  58
00D7:  RETLW  31
00D8:  RETLW  5F
00D9:  RETLW  56
00DA:  RETLW  54
00DB:  RETLW  5F
00DC:  RETLW  36
00DD:  RETLW  00
00DE:  BCF    0A.0
00DF:  BCF    0A.1
00E0:  BCF    0A.2
00E1:  ADDLW  E5
00E2:  BTFSC  03.0
00E3:  INCF   0A,F
00E4:  MOVWF  02
00E5:  RETLW  45
00E6:  RETLW  52
00E7:  RETLW  52
00E8:  RETLW  4F
00E9:  RETLW  52
00EA:  RETLW  5F
00EB:  RETLW  30
00EC:  RETLW  32
00ED:  RETLW  32
00EE:  RETLW  3A
00EF:  RETLW  20
00F0:  RETLW  6C
00F1:  RETLW  61
00F2:  RETLW  20
00F3:  RETLW  76
00F4:  RETLW  61
00F5:  RETLW  72
00F6:  RETLW  69
00F7:  RETLW  61
00F8:  RETLW  62
00F9:  RETLW  6C
00FA:  RETLW  65
00FB:  RETLW  20
00FC:  RETLW  58
00FD:  RETLW  37
00FE:  RETLW  5F
00FF:  RETLW  56
0100:  RETLW  54
0101:  RETLW  5F
0102:  RETLW  36
0103:  RETLW  00
0104:  BSF    0A.0
0105:  BCF    0A.1
0106:  BCF    0A.2
0107:  ADDWF  02,F
0108:  RETLW  45
0109:  RETLW  52
010A:  RETLW  52
010B:  RETLW  4F
010C:  RETLW  52
010D:  RETLW  5F
010E:  RETLW  30
010F:  RETLW  33
0110:  RETLW  32
0111:  RETLW  3A
0112:  RETLW  20
0113:  RETLW  6C
0114:  RETLW  61
0115:  RETLW  20
0116:  RETLW  76
0117:  RETLW  61
0118:  RETLW  72
0119:  RETLW  69
011A:  RETLW  61
011B:  RETLW  62
011C:  RETLW  6C
011D:  RETLW  65
011E:  RETLW  20
011F:  RETLW  58
0120:  RETLW  36
0121:  RETLW  5F
0122:  RETLW  56
0123:  RETLW  54
0124:  RETLW  5F
0125:  RETLW  36
0126:  RETLW  00
0127:  BSF    0A.0
0128:  BCF    0A.1
0129:  BCF    0A.2
012A:  ADDWF  02,F
012B:  RETLW  45
012C:  RETLW  52
012D:  RETLW  52
012E:  RETLW  4F
012F:  RETLW  52
0130:  RETLW  5F
0131:  RETLW  30
0132:  RETLW  31
0133:  RETLW  33
0134:  RETLW  3A
0135:  RETLW  20
0136:  RETLW  6C
0137:  RETLW  61
0138:  RETLW  20
0139:  RETLW  76
013A:  RETLW  61
013B:  RETLW  72
013C:  RETLW  69
013D:  RETLW  61
013E:  RETLW  62
013F:  RETLW  6C
0140:  RETLW  65
0141:  RETLW  20
0142:  RETLW  58
0143:  RETLW  37
0144:  RETLW  5F
0145:  RETLW  56
0146:  RETLW  54
0147:  RETLW  5F
0148:  RETLW  30
0149:  RETLW  35
014A:  RETLW  00
014B:  BSF    0A.0
014C:  BCF    0A.1
014D:  BCF    0A.2
014E:  ADDWF  02,F
014F:  RETLW  45
0150:  RETLW  52
0151:  RETLW  52
0152:  RETLW  4F
0153:  RETLW  52
0154:  RETLW  5F
0155:  RETLW  30
0156:  RETLW  32
0157:  RETLW  33
0158:  RETLW  3A
0159:  RETLW  20
015A:  RETLW  6C
015B:  RETLW  61
015C:  RETLW  20
015D:  RETLW  76
015E:  RETLW  61
015F:  RETLW  72
0160:  RETLW  69
0161:  RETLW  61
0162:  RETLW  62
0163:  RETLW  6C
0164:  RETLW  65
0165:  RETLW  20
0166:  RETLW  58
0167:  RETLW  37
0168:  RETLW  5F
0169:  RETLW  56
016A:  RETLW  54
016B:  RETLW  5F
016C:  RETLW  30
016D:  RETLW  35
016E:  RETLW  00
016F:  BSF    0A.0
0170:  BCF    0A.1
0171:  BCF    0A.2
0172:  ADDWF  02,F
0173:  RETLW  45
0174:  RETLW  52
0175:  RETLW  52
0176:  RETLW  4F
0177:  RETLW  52
0178:  RETLW  5F
0179:  RETLW  30
017A:  RETLW  33
017B:  RETLW  33
017C:  RETLW  3A
017D:  RETLW  20
017E:  RETLW  6C
017F:  RETLW  61
0180:  RETLW  20
0181:  RETLW  76
0182:  RETLW  61
0183:  RETLW  72
0184:  RETLW  69
0185:  RETLW  61
0186:  RETLW  62
0187:  RETLW  6C
0188:  RETLW  65
0189:  RETLW  20
018A:  RETLW  58
018B:  RETLW  36
018C:  RETLW  5F
018D:  RETLW  56
018E:  RETLW  54
018F:  RETLW  5F
0190:  RETLW  30
0191:  RETLW  35
0192:  RETLW  00
0193:  BSF    0A.0
0194:  BCF    0A.1
0195:  BCF    0A.2
0196:  ADDWF  02,F
0197:  RETLW  45
0198:  RETLW  52
0199:  RETLW  52
019A:  RETLW  4F
019B:  RETLW  52
019C:  RETLW  5F
019D:  RETLW  30
019E:  RETLW  31
019F:  RETLW  34
01A0:  RETLW  3A
01A1:  RETLW  20
01A2:  RETLW  6C
01A3:  RETLW  61
01A4:  RETLW  20
01A5:  RETLW  76
01A6:  RETLW  61
01A7:  RETLW  72
01A8:  RETLW  69
01A9:  RETLW  61
01AA:  RETLW  62
01AB:  RETLW  6C
01AC:  RETLW  65
01AD:  RETLW  20
01AE:  RETLW  58
01AF:  RETLW  37
01B0:  RETLW  5F
01B1:  RETLW  56
01B2:  RETLW  54
01B3:  RETLW  5F
01B4:  RETLW  36
01B5:  RETLW  00
01B6:  BSF    0A.0
01B7:  BCF    0A.1
01B8:  BCF    0A.2
01B9:  ADDWF  02,F
01BA:  RETLW  45
01BB:  RETLW  52
01BC:  RETLW  52
01BD:  RETLW  4F
01BE:  RETLW  52
01BF:  RETLW  5F
01C0:  RETLW  30
01C1:  RETLW  32
01C2:  RETLW  34
01C3:  RETLW  3A
01C4:  RETLW  20
01C5:  RETLW  6C
01C6:  RETLW  61
01C7:  RETLW  20
01C8:  RETLW  76
01C9:  RETLW  61
01CA:  RETLW  72
01CB:  RETLW  69
01CC:  RETLW  61
01CD:  RETLW  62
01CE:  RETLW  6C
01CF:  RETLW  65
01D0:  RETLW  20
01D1:  RETLW  58
01D2:  RETLW  37
01D3:  RETLW  5F
01D4:  RETLW  56
01D5:  RETLW  54
01D6:  RETLW  5F
01D7:  RETLW  36
01D8:  RETLW  00
01D9:  BSF    0A.0
01DA:  BCF    0A.1
01DB:  BCF    0A.2
01DC:  ADDWF  02,F
01DD:  RETLW  45
01DE:  RETLW  52
01DF:  RETLW  52
01E0:  RETLW  4F
01E1:  RETLW  52
01E2:  RETLW  5F
01E3:  RETLW  30
01E4:  RETLW  33
01E5:  RETLW  34
01E6:  RETLW  3A
01E7:  RETLW  20
01E8:  RETLW  6C
01E9:  RETLW  61
01EA:  RETLW  20
01EB:  RETLW  76
01EC:  RETLW  61
01ED:  RETLW  72
01EE:  RETLW  69
01EF:  RETLW  61
01F0:  RETLW  62
01F1:  RETLW  6C
01F2:  RETLW  65
01F3:  RETLW  20
01F4:  RETLW  58
01F5:  RETLW  36
01F6:  RETLW  5F
01F7:  RETLW  56
01F8:  RETLW  54
01F9:  RETLW  5F
01FA:  RETLW  36
01FB:  RETLW  00
....................  
.................... #list 
....................  
.................... #use delay(clock = 4000000)        /* OSCILADOR INTERNO */                      //No aplica, ya que se activo el cristal interno 
01FC:  MOVLW  23
01FD:  MOVWF  04
01FE:  BCF    03.7
01FF:  MOVF   00,W
0200:  BTFSC  03.2
0201:  GOTO   210
0202:  MOVLW  01
0203:  MOVWF  78
0204:  CLRF   77
0205:  DECFSZ 77,F
0206:  GOTO   205
0207:  DECFSZ 78,F
0208:  GOTO   204
0209:  MOVLW  4A
020A:  MOVWF  77
020B:  DECFSZ 77,F
020C:  GOTO   20B
020D:  GOTO   20E
020E:  DECFSZ 00,F
020F:  GOTO   202
0210:  RETURN
.................... #FUSES NOWDT                  /* No Watch Dog Timer*/ 
.................... //#FUSES HS                     /* High speed Osc (> 4mhz)*/                     //Se usa con un cristal mayor al de 4Mhz, se recomienda usar el cristal interno 
.................... #FUSES PUT                    /* Power Up Timer*/ 
.................... #FUSES NOPROTECT              /* Code not protected from reading*/ 
.................... #FUSES NOBROWNOUT             /* No brownout reset*/ 
.................... #FUSES NOMCLR                 /* Master Clear pin disabled*/ 
.................... #FUSES NOLVP                  /* No low voltage prgming, B3(PIC16) or B5(PIC18) used for I/O*/ 
.................... #FUSES NOCPD 
.................... #FUSES INTRC                //Activacion uso cristal interno 
....................  
.................... #include <lcd.c>              /*libreria para usar el lcd*/ 
.................... /////////////////////////////////////////////////////////////////////////////// 
.................... ////                             LCD.C                                     //// 
.................... ////                 Driver for common LCD modules                         //// 
.................... ////                                                                       //// 
.................... ////  lcd_init()   Must be called before any other function.               //// 
.................... ////                                                                       //// 
.................... ////  lcd_putc(c)  Will display c on the next position of the LCD.         //// 
.................... ////                 \a  Set cursor position to upper left                 //// 
.................... ////                 \f  Clear display, set cursor to upper left           //// 
.................... ////                 \n  Go to start of second line                        //// 
.................... ////                 \b  Move back one position                            //// 
.................... ////              If LCD_EXTENDED_NEWLINE is defined, the \n character     //// 
.................... ////              will erase all remanining characters on the current      //// 
.................... ////              line, and move the cursor to the beginning of the next   //// 
.................... ////              line.                                                    //// 
.................... ////              If LCD_EXTENDED_NEWLINE is defined, the \r character     //// 
.................... ////              will move the cursor to the start of the current         //// 
.................... ////              line.                                                    //// 
.................... ////                                                                       //// 
.................... ////  lcd_gotoxy(x,y) Set write position on LCD (upper left is 1,1)        //// 
.................... ////                                                                       //// 
.................... ////  lcd_getc(x,y)   Returns character at position x,y on LCD             //// 
.................... ////                                                                       //// 
.................... ////  lcd_cursor_on(int1 on)   Turn the cursor on (on=TRUE) or off         //// 
.................... ////              (on=FALSE).                                              //// 
.................... ////                                                                       //// 
.................... ////  lcd_set_cgram_char(w, *p)   Write a custom character to the CGRAM.   //// 
.................... ////                                                                       //// 
.................... ////                                                                       //// 
.................... ////  CONFIGURATION                                                        //// 
.................... ////  The LCD can be configured in one of two ways: a.) port access or     //// 
.................... ////  b.) pin access.  Port access requires the entire 7 bit interface     //// 
.................... ////  connected to one GPIO port, and the data bits (D4:D7 of the LCD)     //// 
.................... ////  connected to sequential pins on the GPIO.  Pin access                //// 
.................... ////  has no requirements, all 7 bits of the control interface can         //// 
.................... ////  can be connected to any GPIO using several ports.                    //// 
.................... ////                                                                       //// 
.................... ////  To use port access, #define LCD_DATA_PORT to the SFR location of     //// 
.................... ////  of the GPIO port that holds the interface, -AND- edit LCD_PIN_MAP    //// 
.................... ////  of this file to configure the pin order.  If you are using a         //// 
.................... ////  baseline PIC (PCB), then LCD_OUTPUT_MAP and LCD_INPUT_MAP also must  //// 
.................... ////  be defined.                                                          //// 
.................... ////                                                                       //// 
.................... ////  Example of port access:                                              //// 
.................... ////     #define LCD_DATA_PORT getenv("SFR:PORTD")                         //// 
.................... ////                                                                       //// 
.................... ////  To use pin access, the following pins must be defined:               //// 
.................... ////     LCD_ENABLE_PIN                                                    //// 
.................... ////     LCD_RS_PIN                                                        //// 
.................... ////     LCD_RW_PIN                                                        //// 
.................... ////     LCD_DATA4                                                         //// 
.................... ////     LCD_DATA5                                                         //// 
.................... ////     LCD_DATA6                                                         //// 
.................... ////     LCD_DATA7                                                         //// 
.................... ////                                                                       //// 
.................... ////  Example of pin access:                                               //// 
.................... ////     #define LCD_ENABLE_PIN  PIN_E0                                    //// 
.................... ////     #define LCD_RS_PIN      PIN_E1                                    //// 
.................... ////     #define LCD_RW_PIN      PIN_E2                                    //// 
.................... ////     #define LCD_DATA4       PIN_D4                                    //// 
.................... ////     #define LCD_DATA5       PIN_D5                                    //// 
.................... ////     #define LCD_DATA6       PIN_D6                                    //// 
.................... ////     #define LCD_DATA7       PIN_D7                                    //// 
.................... ////                                                                       //// 
.................... /////////////////////////////////////////////////////////////////////////////// 
.................... ////        (C) Copyright 1996,2010 Custom Computer Services           //// 
.................... //// This source code may only be used by licensed users of the CCS C  //// 
.................... //// compiler.  This source code may only be distributed to other      //// 
.................... //// licensed users of the CCS C compiler.  No other use, reproduction //// 
.................... //// or distribution is permitted without written permission.          //// 
.................... //// Derivative programs created using this software in object code    //// 
.................... //// form are not restricted in any way.                               //// 
.................... /////////////////////////////////////////////////////////////////////////// 
....................  
.................... #ifndef __LCD_C__ 
.................... #define __LCD_C__ 
....................  
.................... // define the pinout. 
.................... // only required if port access is being used. 
.................... typedef struct   
.................... {                            // This structure is overlayed 
....................    int1 enable;           // on to an I/O port to gain 
....................    int1 rs;               // access to the LCD pins. 
....................    int1 rw;               // The bits are allocated from 
....................    int1 unused;           // low order up.  ENABLE will 
....................    unsigned int     data : 4;         // be LSB pin of that port. 
....................   #if defined(__PCD__)       // The port used will be LCD_DATA_PORT. 
....................    unsigned int    reserved: 8; 
....................   #endif 
.................... } LCD_PIN_MAP; 
....................  
.................... // this is to improve compatability with previous LCD drivers that accepted 
.................... // a define labeled 'use_portb_lcd' that configured the LCD onto port B. 
.................... #if ((defined(use_portb_lcd)) && (use_portb_lcd==TRUE)) 
....................  #define LCD_DATA_PORT getenv("SFR:PORTB") 
.................... #endif 
....................  
.................... #if defined(__PCB__) 
....................    // these definitions only need to be modified for baseline PICs. 
....................    // all other PICs use LCD_PIN_MAP or individual LCD_xxx pin definitions. 
.................... /*                                    EN, RS,   RW,   UNUSED,  DATA  */ 
....................  const LCD_PIN_MAP LCD_OUTPUT_MAP =  {0,  0,    0,    0,       0}; 
....................  const LCD_PIN_MAP LCD_INPUT_MAP =   {0,  0,    0,    0,       0xF}; 
.................... #endif 
....................  
.................... ////////////////////// END CONFIGURATION /////////////////////////////////// 
....................  
.................... #ifndef LCD_ENABLE_PIN 
....................    #define lcd_output_enable(x) lcdlat.enable=x 
....................    #define lcd_enable_tris()   lcdtris.enable=0 
.................... #else 
....................    #define lcd_output_enable(x) output_bit(LCD_ENABLE_PIN, x) 
....................    #define lcd_enable_tris()  output_drive(LCD_ENABLE_PIN) 
.................... #endif 
....................  
.................... #ifndef LCD_RS_PIN 
....................    #define lcd_output_rs(x) lcdlat.rs=x 
....................    #define lcd_rs_tris()   lcdtris.rs=0 
.................... #else 
....................    #define lcd_output_rs(x) output_bit(LCD_RS_PIN, x) 
....................    #define lcd_rs_tris()  output_drive(LCD_RS_PIN) 
.................... #endif 
....................  
.................... #ifndef LCD_RW_PIN 
....................    #define lcd_output_rw(x) lcdlat.rw=x 
....................    #define lcd_rw_tris()   lcdtris.rw=0 
.................... #else 
....................    #define lcd_output_rw(x) output_bit(LCD_RW_PIN, x) 
....................    #define lcd_rw_tris()  output_drive(LCD_RW_PIN) 
.................... #endif 
....................  
.................... // original version of this library incorrectly labeled LCD_DATA0 as LCD_DATA4, 
.................... // LCD_DATA1 as LCD_DATA5, and so on.  this block of code makes the driver 
.................... // compatible with any code written for the original library 
.................... #if (defined(LCD_DATA0) && defined(LCD_DATA1) && defined(LCD_DATA2) && defined(LCD_DATA3) && !defined(LCD_DATA4) && !defined(LCD_DATA5) && !defined(LCD_DATA6) && !defined(LCD_DATA7)) 
....................    #define  LCD_DATA4    LCD_DATA0 
....................    #define  LCD_DATA5    LCD_DATA1 
....................    #define  LCD_DATA6    LCD_DATA2 
....................    #define  LCD_DATA7    LCD_DATA3 
.................... #endif 
....................  
.................... #ifndef LCD_DATA4 
.................... #ifndef LCD_DATA_PORT 
....................    #if defined(__PCB__) 
....................       #define LCD_DATA_PORT      0x06     //portb 
....................       #define set_tris_lcd(x)   set_tris_b(x) 
....................    #else 
....................      #if defined(PIN_D0) 
....................       #define LCD_DATA_PORT      getenv("SFR:PORTD")     //portd 
....................      #else 
....................       #define LCD_DATA_PORT      getenv("SFR:PORTB")     //portb 
....................      #endif 
....................    #endif    
.................... #endif 
....................  
.................... #if defined(__PCB__) 
....................    LCD_PIN_MAP lcd, lcdlat; 
....................    #byte lcd = LCD_DATA_PORT 
....................    #byte lcdlat = LCD_DATA_PORT 
.................... #elif defined(__PCM__) 
....................    LCD_PIN_MAP lcd, lcdlat, lcdtris; 
....................    #byte lcd = LCD_DATA_PORT 
....................    #byte lcdlat = LCD_DATA_PORT 
....................    #byte lcdtris = LCD_DATA_PORT+0x80 
.................... #elif defined(__PCH__) 
....................    LCD_PIN_MAP lcd, lcdlat, lcdtris; 
....................    #byte lcd = LCD_DATA_PORT 
....................    #byte lcdlat = LCD_DATA_PORT+9 
....................    #byte lcdtris = LCD_DATA_PORT+0x12 
.................... #elif defined(__PCD__) 
....................    LCD_PIN_MAP lcd, lcdlat, lcdtris; 
....................    #word lcd = LCD_DATA_PORT 
....................    #word lcdlat = LCD_DATA_PORT+2 
....................    #word lcdtris = LCD_DATA_PORT-0x02 
.................... #endif 
.................... #endif   //LCD_DATA4 not defined 
....................  
.................... #ifndef LCD_TYPE 
....................    #define LCD_TYPE 2           // 0=5x7, 1=5x10, 2=2 lines 
.................... #endif 
....................  
.................... #ifndef LCD_LINE_TWO 
....................    #define LCD_LINE_TWO 0x40    // LCD RAM address for the second line 
.................... #endif 
....................  
.................... #ifndef LCD_LINE_LENGTH 
....................    #define LCD_LINE_LENGTH 20 
.................... #endif 
....................  
.................... unsigned int8 const LCD_INIT_STRING[4] = {0x20 | (LCD_TYPE << 2), 0xc, 1, 6}; 
....................                              // These bytes need to be sent to the LCD 
....................                              // to start it up. 
....................  
.................... unsigned int8 lcd_read_nibble(void); 
....................  
.................... unsigned int8 lcd_read_byte(void) 
.................... { 
....................    unsigned int8 low,high; 
....................  
....................  #if defined(__PCB__) 
....................    set_tris_lcd(LCD_INPUT_MAP); 
....................  #else 
....................   #if (defined(LCD_DATA4) && defined(LCD_DATA5) && defined(LCD_DATA6) && defined(LCD_DATA7)) 
....................    output_float(LCD_DATA4); 
....................    output_float(LCD_DATA5); 
....................    output_float(LCD_DATA6); 
....................    output_float(LCD_DATA7); 
....................   #else 
....................    lcdtris.data = 0xF; 
*
0229:  MOVLW  0F
022A:  BSF    03.5
022B:  ANDWF  06,W
022C:  IORLW  F0
022D:  MOVWF  06
....................   #endif 
....................  #endif 
....................          
....................    lcd_output_rw(1); 
022E:  BCF    03.5
022F:  BSF    06.2
....................    delay_cycles(1); 
0230:  NOP
....................    lcd_output_enable(1); 
0231:  BSF    06.0
....................    delay_cycles(1); 
0232:  NOP
....................    high = lcd_read_nibble(); 
0233:  CALL   21D
0234:  MOVF   78,W
0235:  MOVWF  2A
....................        
....................    lcd_output_enable(0); 
0236:  BCF    06.0
....................    delay_cycles(1); 
0237:  NOP
....................    lcd_output_enable(1); 
0238:  BSF    06.0
....................    delay_us(1); 
0239:  NOP
....................    low = lcd_read_nibble(); 
023A:  CALL   21D
023B:  MOVF   78,W
023C:  MOVWF  29
....................        
....................    lcd_output_enable(0); 
023D:  BCF    06.0
....................  
....................  #if defined(__PCB__) 
....................    set_tris_lcd(LCD_OUTPUT_MAP); 
....................  #else 
....................   #if (defined(LCD_DATA4) && defined(LCD_DATA5) && defined(LCD_DATA6) && defined(LCD_DATA7)) 
....................    output_drive(LCD_DATA4); 
....................    output_drive(LCD_DATA5); 
....................    output_drive(LCD_DATA6); 
....................    output_drive(LCD_DATA7); 
....................   #else 
....................    lcdtris.data = 0x0; 
023E:  MOVLW  0F
023F:  BSF    03.5
0240:  ANDWF  06,W
0241:  MOVWF  06
....................   #endif 
....................  #endif 
....................  
....................    return( (high<<4) | low); 
0242:  BCF    03.5
0243:  SWAPF  2A,W
0244:  MOVWF  77
0245:  MOVLW  F0
0246:  ANDWF  77,F
0247:  MOVF   77,W
0248:  IORWF  29,W
0249:  MOVWF  78
.................... } 
....................  
.................... unsigned int8 lcd_read_nibble(void) 
.................... { 
....................   #if (defined(LCD_DATA4) && defined(LCD_DATA5) && defined(LCD_DATA6) && defined(LCD_DATA7)) 
....................    unsigned int8 n = 0x00; 
....................  
....................    /* Read the data port */ 
....................    n |= input(LCD_DATA4); 
....................    n |= input(LCD_DATA5) << 1; 
....................    n |= input(LCD_DATA6) << 2; 
....................    n |= input(LCD_DATA7) << 3; 
....................     
....................    return(n); 
....................   #else 
....................    return(lcd.data); 
*
021D:  MOVF   06,W
021E:  MOVWF  77
021F:  SWAPF  06,W
0220:  ANDLW  0F
0221:  MOVWF  78
....................   #endif 
0222:  RETURN
.................... } 
....................  
.................... void lcd_send_nibble(unsigned int8 n) 
.................... { 
....................   #if (defined(LCD_DATA4) && defined(LCD_DATA5) && defined(LCD_DATA6) && defined(LCD_DATA7)) 
....................    /* Write to the data port */ 
....................    output_bit(LCD_DATA4, bit_test(n, 0)); 
....................    output_bit(LCD_DATA5, bit_test(n, 1)); 
....................    output_bit(LCD_DATA6, bit_test(n, 2)); 
....................    output_bit(LCD_DATA7, bit_test(n, 3)); 
....................   #else       
....................    lcdlat.data = n; 
*
0211:  SWAPF  2A,W
0212:  ANDLW  F0
0213:  MOVWF  77
0214:  MOVLW  0F
0215:  ANDWF  06,W
0216:  IORWF  77,W
0217:  MOVWF  06
....................   #endif 
....................        
....................    delay_cycles(1); 
0218:  NOP
....................    lcd_output_enable(1); 
0219:  BSF    06.0
....................    delay_us(2); 
021A:  GOTO   21B
....................    lcd_output_enable(0); 
021B:  BCF    06.0
021C:  RETURN
.................... } 
....................  
.................... void lcd_send_byte(unsigned int8 address, unsigned int8 n) 
.................... { 
....................   #if defined(__PCB__) 
....................    set_tris_lcd(LCD_OUTPUT_MAP); 
....................   #else 
....................    lcd_enable_tris(); 
*
0223:  BSF    03.5
0224:  BCF    06.0
....................    lcd_rs_tris(); 
0225:  BCF    06.1
....................    lcd_rw_tris(); 
0226:  BCF    06.2
....................   #endif 
....................  
....................    lcd_output_rs(0); 
0227:  BCF    03.5
0228:  BCF    06.1
....................    while ( bit_test(lcd_read_byte(),7) ) ; 
*
024A:  MOVF   78,W
024B:  MOVWF  29
024C:  BTFSC  29.7
024D:  GOTO   229
....................    lcd_output_rs(address); 
024E:  BTFSS  27.0
024F:  BCF    06.1
0250:  BTFSC  27.0
0251:  BSF    06.1
....................    delay_cycles(1); 
0252:  NOP
....................    lcd_output_rw(0); 
0253:  BCF    06.2
....................    delay_cycles(1); 
0254:  NOP
....................    lcd_output_enable(0); 
0255:  BCF    06.0
....................    lcd_send_nibble(n >> 4); 
0256:  SWAPF  28,W
0257:  MOVWF  29
0258:  MOVLW  0F
0259:  ANDWF  29,F
025A:  MOVF   29,W
025B:  MOVWF  2A
025C:  CALL   211
....................    lcd_send_nibble(n & 0xf); 
025D:  MOVF   28,W
025E:  ANDLW  0F
025F:  MOVWF  29
0260:  MOVWF  2A
0261:  CALL   211
0262:  RETURN
.................... } 
....................  
.................... #if defined(LCD_EXTENDED_NEWLINE) 
.................... unsigned int8 g_LcdX, g_LcdY; 
.................... #endif 
....................  
.................... void lcd_init(void)  
.................... { 
....................    unsigned int8 i; 
....................  
....................  #if defined(__PCB__) 
....................    set_tris_lcd(LCD_OUTPUT_MAP); 
....................  #else 
....................   #if (defined(LCD_DATA4) && defined(LCD_DATA5) && defined(LCD_DATA6) && defined(LCD_DATA7)) 
....................    output_drive(LCD_DATA4); 
....................    output_drive(LCD_DATA5); 
....................    output_drive(LCD_DATA6); 
....................    output_drive(LCD_DATA7); 
....................   #else 
....................    lcdtris.data = 0x0; 
0263:  MOVLW  0F
0264:  BSF    03.5
0265:  ANDWF  06,W
0266:  MOVWF  06
....................   #endif 
....................    lcd_enable_tris(); 
0267:  BCF    06.0
....................    lcd_rs_tris(); 
0268:  BCF    06.1
....................    lcd_rw_tris(); 
0269:  BCF    06.2
....................  #endif 
....................  
....................    lcd_output_rs(0); 
026A:  BCF    03.5
026B:  BCF    06.1
....................    lcd_output_rw(0); 
026C:  BCF    06.2
....................    lcd_output_enable(0); 
026D:  BCF    06.0
....................      
....................    delay_ms(15); 
026E:  MOVLW  0F
026F:  MOVWF  23
0270:  CALL   1FC
....................    for(i=1;i<=3;++i) 
0271:  MOVLW  01
0272:  MOVWF  21
0273:  MOVF   21,W
0274:  SUBLW  03
0275:  BTFSS  03.0
0276:  GOTO   27F
....................    { 
....................        lcd_send_nibble(3); 
0277:  MOVLW  03
0278:  MOVWF  2A
0279:  CALL   211
....................        delay_ms(5); 
027A:  MOVLW  05
027B:  MOVWF  23
027C:  CALL   1FC
027D:  INCF   21,F
027E:  GOTO   273
....................    } 
....................     
....................    lcd_send_nibble(2); 
027F:  MOVLW  02
0280:  MOVWF  2A
0281:  CALL   211
....................    delay_ms(5); 
0282:  MOVLW  05
0283:  MOVWF  23
0284:  CALL   1FC
....................    for(i=0;i<=3;++i) 
0285:  CLRF   21
0286:  MOVF   21,W
0287:  SUBLW  03
0288:  BTFSS  03.0
0289:  GOTO   293
....................       lcd_send_byte(0,LCD_INIT_STRING[i]); 
028A:  MOVF   21,W
028B:  CALL   004
028C:  MOVWF  22
028D:  CLRF   27
028E:  MOVF   22,W
028F:  MOVWF  28
0290:  CALL   223
....................  
....................   #if defined(LCD_EXTENDED_NEWLINE) 
0291:  INCF   21,F
0292:  GOTO   286
0293:  GOTO   2E8 (RETURN)
....................    g_LcdX = 0; 
....................    g_LcdY = 0; 
....................   #endif 
.................... } 
....................  
.................... void lcd_gotoxy(unsigned int8 x, unsigned int8 y) 
.................... { 
....................    unsigned int8 address; 
....................     
....................    if(y!=1) 
0294:  DECFSZ 24,W
0295:  GOTO   297
0296:  GOTO   29A
....................       address=LCD_LINE_TWO; 
0297:  MOVLW  40
0298:  MOVWF  25
0299:  GOTO   29B
....................    else 
....................       address=0; 
029A:  CLRF   25
....................       
....................    address+=x-1; 
029B:  MOVLW  01
029C:  SUBWF  23,W
029D:  ADDWF  25,F
....................    lcd_send_byte(0,0x80|address); 
029E:  MOVF   25,W
029F:  IORLW  80
02A0:  MOVWF  26
02A1:  CLRF   27
02A2:  MOVF   26,W
02A3:  MOVWF  28
02A4:  CALL   223
....................  
....................   #if defined(LCD_EXTENDED_NEWLINE) 
02A5:  RETURN
....................    g_LcdX = x - 1; 
....................    g_LcdY = y - 1; 
....................   #endif 
.................... } 
....................  
.................... void lcd_putc(char c) 
.................... { 
....................    switch (c) 
02A6:  MOVF   22,W
02A7:  XORLW  07
02A8:  BTFSC  03.2
02A9:  GOTO   2B4
02AA:  XORLW  0B
02AB:  BTFSC  03.2
02AC:  GOTO   2B9
02AD:  XORLW  06
02AE:  BTFSC  03.2
02AF:  GOTO   2C1
02B0:  XORLW  02
02B1:  BTFSC  03.2
02B2:  GOTO   2C7
02B3:  GOTO   2CC
....................    { 
....................       case '\a'   :  lcd_gotoxy(1,1);     break; 
02B4:  MOVLW  01
02B5:  MOVWF  23
02B6:  MOVWF  24
02B7:  CALL   294
02B8:  GOTO   2D1
....................  
....................       case '\f'   :  lcd_send_byte(0,1); 
02B9:  CLRF   27
02BA:  MOVLW  01
02BB:  MOVWF  28
02BC:  CALL   223
....................                      delay_ms(2); 
02BD:  MOVLW  02
02BE:  MOVWF  23
02BF:  CALL   1FC
....................                     #if defined(LCD_EXTENDED_NEWLINE) 
....................                      g_LcdX = 0; 
....................                      g_LcdY = 0; 
....................                     #endif 
....................                      break; 
02C0:  GOTO   2D1
....................  
....................      #if defined(LCD_EXTENDED_NEWLINE) 
....................       case '\r'   :  lcd_gotoxy(1, g_LcdY+1);   break; 
....................       case '\n'   : 
....................          while (g_LcdX++ < LCD_LINE_LENGTH) 
....................          { 
....................             lcd_send_byte(1, ' '); 
....................          } 
....................          lcd_gotoxy(1, g_LcdY+2); 
....................          break; 
....................      #else 
....................       case '\n'   : lcd_gotoxy(1,2);        break; 
02C1:  MOVLW  01
02C2:  MOVWF  23
02C3:  MOVLW  02
02C4:  MOVWF  24
02C5:  CALL   294
02C6:  GOTO   2D1
....................      #endif 
....................       
....................       case '\b'   : lcd_send_byte(0,0x10);  break; 
02C7:  CLRF   27
02C8:  MOVLW  10
02C9:  MOVWF  28
02CA:  CALL   223
02CB:  GOTO   2D1
....................       
....................      #if defined(LCD_EXTENDED_NEWLINE) 
....................       default     :  
....................          if (g_LcdX < LCD_LINE_LENGTH) 
....................          { 
....................             lcd_send_byte(1, c); 
....................             g_LcdX++; 
....................          } 
....................          break; 
....................      #else 
....................       default     : lcd_send_byte(1,c);     break; 
02CC:  MOVLW  01
02CD:  MOVWF  27
02CE:  MOVF   22,W
02CF:  MOVWF  28
02D0:  CALL   223
....................      #endif 
....................    } 
02D1:  RETURN
.................... } 
....................   
.................... char lcd_getc(unsigned int8 x, unsigned int8 y) 
.................... { 
....................    char value; 
....................  
....................    lcd_gotoxy(x,y); 
....................    while ( bit_test(lcd_read_byte(),7) ); // wait until busy flag is low 
....................    lcd_output_rs(1); 
....................    value = lcd_read_byte(); 
....................    lcd_output_rs(0); 
....................     
....................    return(value); 
.................... } 
....................  
.................... // write a custom character to the ram 
.................... // which is 0-7 and specifies which character array we are modifying. 
.................... // ptr points to an array of 8 bytes, where each byte is the next row of 
.................... //    pixels.  only bits 0-4 are used.  the last row is the cursor row, and 
.................... //    usually you will want to leave this byte 0x00. 
.................... void lcd_set_cgram_char(unsigned int8 which, unsigned int8 *ptr) 
.................... { 
....................    unsigned int i; 
....................  
....................    which <<= 3; 
....................    which &= 0x38; 
....................  
....................    lcd_send_byte(0, 0x40 | which);  //set cgram address 
....................  
....................    for(i=0; i<8; i++) 
....................    { 
....................       lcd_send_byte(1, *ptr++); 
....................    } 
....................    
....................    #if defined(LCD_EXTENDED_NEWLINE) 
....................     lcd_gotoxy(g_LcdX+1, g_LcdY+1);  //set ddram address 
....................    #endif 
.................... } 
....................  
.................... void lcd_cursor_on(int1 on) 
.................... { 
....................    if (on) 
....................    { 
....................       lcd_send_byte(0,0x0F);           //turn LCD cursor ON 
....................    } 
....................    else 
....................    { 
....................       lcd_send_byte(0,0x0C);           //turn LCD cursor OFF 
....................    } 
.................... } 
....................  
.................... #endif 
....................  
.................... #define LCD_ENABLE_PIN PIN_B0 /* ASIGNAMOS EL PIN "B0" COMO SALIDA PARA E */ 
.................... #define LCD_RS_PIN PIN_B1     /* ASIGNAMOS EL PIN "B1" COMO SALIDA PARA RS*/ 
.................... #define LCD_RW_PIN PIN_B2     /* ASIGNAMOS EL PIN "B2" COMO SALIDA PARA RW*/ 
.................... #define LCD_DATA4 PIN_B4      /* ASIGNAMOS EL PIN "B4" COMO SALIDA PARA D4*/ 
.................... #define LCD_DATA5 PIN_B5      /* ASIGNAMOS EL PIN "B5" COMO SALIDA PARA D5*/ 
.................... #define LCD_DATA6 PIN_B6      /* ASIGNAMOS EL PIN "B6" COMO SALIDA PARA D6*/ 
.................... #define LCD_DATA7 PIN_B7      /* ASIGNAMOS EL PIN "B7" COMO SALIDA PARA D7*/ 
....................  
....................  
.................... void main() 
02D2:  MOVF   03,W
02D3:  ANDLW  1F
02D4:  MOVWF  03
02D5:  MOVLW  07
02D6:  MOVWF  1F
02D7:  BCF    03.7
.................... { 
....................    output_high(pin_a4); 
02D8:  BSF    03.5
02D9:  BCF    05.4
02DA:  BCF    03.5
02DB:  BSF    05.4
....................    delay_ms(500); 
02DC:  MOVLW  02
02DD:  MOVWF  21
02DE:  MOVLW  FA
02DF:  MOVWF  23
02E0:  CALL   1FC
02E1:  DECFSZ 21,F
02E2:  GOTO   2DE
....................    output_low(pin_a4); 
02E3:  BSF    03.5
02E4:  BCF    05.4
02E5:  BCF    03.5
02E6:  BCF    05.4
....................    lcd_init(); 
02E7:  GOTO   263
....................    lcd_putc("\f"); 
02E8:  CLRF   21
02E9:  MOVF   21,W
02EA:  CALL   00C
02EB:  IORLW  00
02EC:  BTFSC  03.2
02ED:  GOTO   2F2
02EE:  INCF   21,F
02EF:  MOVWF  22
02F0:  CALL   2A6
02F1:  GOTO   2E9
....................    do{ 
....................       lcd_gotoxy(1,1); 
02F2:  MOVLW  01
02F3:  MOVWF  23
02F4:  MOVWF  24
02F5:  CALL   294
....................       printf(lcd_putc,"Esperando ERROR"); 
02F6:  CLRF   21
02F7:  MOVF   21,W
02F8:  CALL   012
02F9:  INCF   21,F
02FA:  MOVWF  77
02FB:  MOVWF  22
02FC:  CALL   2A6
02FD:  MOVLW  0F
02FE:  SUBWF  21,W
02FF:  BTFSS  03.2
0300:  GOTO   2F7
....................       lcd_gotoxy(1,2); 
0301:  MOVLW  01
0302:  MOVWF  23
0303:  MOVLW  02
0304:  MOVWF  24
0305:  CALL   294
....................       printf(lcd_putc, "Registrador de Eventos"); 
0306:  CLRF   21
0307:  MOVF   21,W
0308:  CALL   026
0309:  INCF   21,F
030A:  MOVWF  77
030B:  MOVWF  22
030C:  CALL   2A6
030D:  MOVLW  16
030E:  SUBWF  21,W
030F:  BTFSS  03.2
0310:  GOTO   307
....................       //funcion de arduino lecturasEnSubida05 
....................       if      (input(PIN_A0) == 1 && input(PIN_A1)==0 && input(PIN_A2)==0 && input(PIN_A3)==0) 
0311:  BSF    03.5
0312:  BSF    05.0
0313:  BCF    03.5
0314:  BTFSS  05.0
0315:  GOTO   350
0316:  BSF    03.5
0317:  BSF    05.1
0318:  BCF    03.5
0319:  BTFSC  05.1
031A:  GOTO   350
031B:  BSF    03.5
031C:  BSF    05.2
031D:  BCF    03.5
031E:  BTFSC  05.2
031F:  GOTO   350
0320:  BSF    03.5
0321:  BSF    05.3
0322:  BCF    03.5
0323:  BTFSC  05.3
0324:  GOTO   350
....................       { 
....................          lcd_putc("\f"); 
0325:  CLRF   21
0326:  MOVF   21,W
0327:  CALL   00C
0328:  IORLW  00
0329:  BTFSC  03.2
032A:  GOTO   32F
032B:  INCF   21,F
032C:  MOVWF  22
032D:  CALL   2A6
032E:  GOTO   326
....................          lcd_gotoxy(1,1); 
032F:  MOVLW  01
0330:  MOVWF  23
0331:  MOVWF  24
0332:  CALL   294
....................          printf(lcd_putc, "Error en:"); 
0333:  CLRF   21
0334:  MOVF   21,W
0335:  CALL   041
0336:  INCF   21,F
0337:  MOVWF  77
0338:  MOVWF  22
0339:  CALL   2A6
033A:  MOVLW  09
033B:  SUBWF  21,W
033C:  BTFSS  03.2
033D:  GOTO   334
....................          lcd_gotoxy(1,2); 
033E:  MOVLW  01
033F:  MOVWF  23
0340:  MOVLW  02
0341:  MOVWF  24
0342:  CALL   294
....................          printf(lcd_putc,"ERROR_011: la variable X1_VT_05"); 
0343:  CLRF   21
0344:  MOVF   21,W
0345:  CALL   04F
0346:  INCF   21,F
0347:  MOVWF  77
0348:  MOVWF  22
0349:  CALL   2A6
034A:  MOVLW  1F
034B:  SUBWF  21,W
034C:  BTFSS  03.2
034D:  GOTO   344
....................          break; 
034E:  GOTO   605
....................       } 
034F:  GOTO   604
....................       else if (input(PIN_A0) == 0 && input(PIN_A1)==1 && input(PIN_A2)==0 && input(PIN_A3)==0) 
0350:  BSF    03.5
0351:  BSF    05.0
0352:  BCF    03.5
0353:  BTFSC  05.0
0354:  GOTO   38F
0355:  BSF    03.5
0356:  BSF    05.1
0357:  BCF    03.5
0358:  BTFSS  05.1
0359:  GOTO   38F
035A:  BSF    03.5
035B:  BSF    05.2
035C:  BCF    03.5
035D:  BTFSC  05.2
035E:  GOTO   38F
035F:  BSF    03.5
0360:  BSF    05.3
0361:  BCF    03.5
0362:  BTFSC  05.3
0363:  GOTO   38F
....................       { 
....................          lcd_putc("\f"); 
0364:  CLRF   21
0365:  MOVF   21,W
0366:  CALL   00C
0367:  IORLW  00
0368:  BTFSC  03.2
0369:  GOTO   36E
036A:  INCF   21,F
036B:  MOVWF  22
036C:  CALL   2A6
036D:  GOTO   365
....................          lcd_gotoxy(1,1); 
036E:  MOVLW  01
036F:  MOVWF  23
0370:  MOVWF  24
0371:  CALL   294
....................          printf(lcd_putc, "Error en:"); 
0372:  CLRF   21
0373:  MOVF   21,W
0374:  CALL   041
0375:  INCF   21,F
0376:  MOVWF  77
0377:  MOVWF  22
0378:  CALL   2A6
0379:  MOVLW  09
037A:  SUBWF  21,W
037B:  BTFSS  03.2
037C:  GOTO   373
....................          lcd_gotoxy(1,2); 
037D:  MOVLW  01
037E:  MOVWF  23
037F:  MOVLW  02
0380:  MOVWF  24
0381:  CALL   294
....................          printf(lcd_putc, "ERROR_021: la variable X7_VT_05"); 
0382:  CLRF   21
0383:  MOVF   21,W
0384:  CALL   073
0385:  INCF   21,F
0386:  MOVWF  77
0387:  MOVWF  22
0388:  CALL   2A6
0389:  MOVLW  1F
038A:  SUBWF  21,W
038B:  BTFSS  03.2
038C:  GOTO   383
....................          break; 
038D:  GOTO   605
....................       } 
038E:  GOTO   604
....................       else if (input(PIN_A0) == 1 && input(PIN_A1)==1 && input(PIN_A2)==0 && input(PIN_A3)==0) 
038F:  BSF    03.5
0390:  BSF    05.0
0391:  BCF    03.5
0392:  BTFSS  05.0
0393:  GOTO   3CE
0394:  BSF    03.5
0395:  BSF    05.1
0396:  BCF    03.5
0397:  BTFSS  05.1
0398:  GOTO   3CE
0399:  BSF    03.5
039A:  BSF    05.2
039B:  BCF    03.5
039C:  BTFSC  05.2
039D:  GOTO   3CE
039E:  BSF    03.5
039F:  BSF    05.3
03A0:  BCF    03.5
03A1:  BTFSC  05.3
03A2:  GOTO   3CE
....................       { 
....................          lcd_putc("\f"); 
03A3:  CLRF   21
03A4:  MOVF   21,W
03A5:  CALL   00C
03A6:  IORLW  00
03A7:  BTFSC  03.2
03A8:  GOTO   3AD
03A9:  INCF   21,F
03AA:  MOVWF  22
03AB:  CALL   2A6
03AC:  GOTO   3A4
....................          lcd_gotoxy(1,1); 
03AD:  MOVLW  01
03AE:  MOVWF  23
03AF:  MOVWF  24
03B0:  CALL   294
....................          printf(lcd_putc, "Error en:"); 
03B1:  CLRF   21
03B2:  MOVF   21,W
03B3:  CALL   041
03B4:  INCF   21,F
03B5:  MOVWF  77
03B6:  MOVWF  22
03B7:  CALL   2A6
03B8:  MOVLW  09
03B9:  SUBWF  21,W
03BA:  BTFSS  03.2
03BB:  GOTO   3B2
....................          lcd_gotoxy(1,2); 
03BC:  MOVLW  01
03BD:  MOVWF  23
03BE:  MOVLW  02
03BF:  MOVWF  24
03C0:  CALL   294
....................          printf(lcd_putc, "ERROR_031: la variable X6_VT_05"); 
03C1:  CLRF   21
03C2:  MOVF   21,W
03C3:  CALL   097
03C4:  INCF   21,F
03C5:  MOVWF  77
03C6:  MOVWF  22
03C7:  CALL   2A6
03C8:  MOVLW  1F
03C9:  SUBWF  21,W
03CA:  BTFSS  03.2
03CB:  GOTO   3C2
....................          break; 
03CC:  GOTO   605
....................       } 
03CD:  GOTO   604
....................       //funcion de arduino lecturasEnSubida6 
....................       else if (input(PIN_A0) == 0 && input(PIN_A1)==0 && input(PIN_A2)==1 && input(PIN_A3)==0) 
03CE:  BSF    03.5
03CF:  BSF    05.0
03D0:  BCF    03.5
03D1:  BTFSC  05.0
03D2:  GOTO   40D
03D3:  BSF    03.5
03D4:  BSF    05.1
03D5:  BCF    03.5
03D6:  BTFSC  05.1
03D7:  GOTO   40D
03D8:  BSF    03.5
03D9:  BSF    05.2
03DA:  BCF    03.5
03DB:  BTFSS  05.2
03DC:  GOTO   40D
03DD:  BSF    03.5
03DE:  BSF    05.3
03DF:  BCF    03.5
03E0:  BTFSC  05.3
03E1:  GOTO   40D
....................       { 
....................          lcd_putc("\f"); 
03E2:  CLRF   21
03E3:  MOVF   21,W
03E4:  CALL   00C
03E5:  IORLW  00
03E6:  BTFSC  03.2
03E7:  GOTO   3EC
03E8:  INCF   21,F
03E9:  MOVWF  22
03EA:  CALL   2A6
03EB:  GOTO   3E3
....................          lcd_gotoxy(1,1); 
03EC:  MOVLW  01
03ED:  MOVWF  23
03EE:  MOVWF  24
03EF:  CALL   294
....................          printf(lcd_putc, "Error en:"); 
03F0:  CLRF   21
03F1:  MOVF   21,W
03F2:  CALL   041
03F3:  INCF   21,F
03F4:  MOVWF  77
03F5:  MOVWF  22
03F6:  CALL   2A6
03F7:  MOVLW  09
03F8:  SUBWF  21,W
03F9:  BTFSS  03.2
03FA:  GOTO   3F1
....................          lcd_gotoxy(1,2); 
03FB:  MOVLW  01
03FC:  MOVWF  23
03FD:  MOVLW  02
03FE:  MOVWF  24
03FF:  CALL   294
....................          printf(lcd_putc,"ERROR_012: la variable X1_VT_6"); 
0400:  CLRF   21
0401:  MOVF   21,W
0402:  CALL   0BB
0403:  INCF   21,F
0404:  MOVWF  77
0405:  MOVWF  22
0406:  CALL   2A6
0407:  MOVLW  1E
0408:  SUBWF  21,W
0409:  BTFSS  03.2
040A:  GOTO   401
....................          break; 
040B:  GOTO   605
....................       } 
040C:  GOTO   604
....................       else if (input(PIN_A0) == 1 && input(PIN_A1)==0 && input(PIN_A2)==1 && input(PIN_A3)==0) 
040D:  BSF    03.5
040E:  BSF    05.0
040F:  BCF    03.5
0410:  BTFSS  05.0
0411:  GOTO   44C
0412:  BSF    03.5
0413:  BSF    05.1
0414:  BCF    03.5
0415:  BTFSC  05.1
0416:  GOTO   44C
0417:  BSF    03.5
0418:  BSF    05.2
0419:  BCF    03.5
041A:  BTFSS  05.2
041B:  GOTO   44C
041C:  BSF    03.5
041D:  BSF    05.3
041E:  BCF    03.5
041F:  BTFSC  05.3
0420:  GOTO   44C
....................       { 
....................          lcd_putc("\f"); 
0421:  CLRF   21
0422:  MOVF   21,W
0423:  CALL   00C
0424:  IORLW  00
0425:  BTFSC  03.2
0426:  GOTO   42B
0427:  INCF   21,F
0428:  MOVWF  22
0429:  CALL   2A6
042A:  GOTO   422
....................          lcd_gotoxy(1,1); 
042B:  MOVLW  01
042C:  MOVWF  23
042D:  MOVWF  24
042E:  CALL   294
....................          printf(lcd_putc, "Error en:"); 
042F:  CLRF   21
0430:  MOVF   21,W
0431:  CALL   041
0432:  INCF   21,F
0433:  MOVWF  77
0434:  MOVWF  22
0435:  CALL   2A6
0436:  MOVLW  09
0437:  SUBWF  21,W
0438:  BTFSS  03.2
0439:  GOTO   430
....................          lcd_gotoxy(1,2); 
043A:  MOVLW  01
043B:  MOVWF  23
043C:  MOVLW  02
043D:  MOVWF  24
043E:  CALL   294
....................          printf(lcd_putc, "ERROR_022: la variable X7_VT_6"); 
043F:  CLRF   21
0440:  MOVF   21,W
0441:  CALL   0DE
0442:  INCF   21,F
0443:  MOVWF  77
0444:  MOVWF  22
0445:  CALL   2A6
0446:  MOVLW  1E
0447:  SUBWF  21,W
0448:  BTFSS  03.2
0449:  GOTO   440
....................          break; 
044A:  GOTO   605
....................       } 
044B:  GOTO   604
....................       else if (input(PIN_A0) == 0 && input(PIN_A1)==1 && input(PIN_A2)==1 && input(PIN_A3)==0) 
044C:  BSF    03.5
044D:  BSF    05.0
044E:  BCF    03.5
044F:  BTFSC  05.0
0450:  GOTO   48B
0451:  BSF    03.5
0452:  BSF    05.1
0453:  BCF    03.5
0454:  BTFSS  05.1
0455:  GOTO   48B
0456:  BSF    03.5
0457:  BSF    05.2
0458:  BCF    03.5
0459:  BTFSS  05.2
045A:  GOTO   48B
045B:  BSF    03.5
045C:  BSF    05.3
045D:  BCF    03.5
045E:  BTFSC  05.3
045F:  GOTO   48B
....................       { 
....................          lcd_putc("\f"); 
0460:  CLRF   21
0461:  MOVF   21,W
0462:  CALL   00C
0463:  IORLW  00
0464:  BTFSC  03.2
0465:  GOTO   46A
0466:  INCF   21,F
0467:  MOVWF  22
0468:  CALL   2A6
0469:  GOTO   461
....................          lcd_gotoxy(1,1); 
046A:  MOVLW  01
046B:  MOVWF  23
046C:  MOVWF  24
046D:  CALL   294
....................          printf(lcd_putc, "Error en:"); 
046E:  CLRF   21
046F:  MOVF   21,W
0470:  CALL   041
0471:  INCF   21,F
0472:  MOVWF  77
0473:  MOVWF  22
0474:  CALL   2A6
0475:  MOVLW  09
0476:  SUBWF  21,W
0477:  BTFSS  03.2
0478:  GOTO   46F
....................          lcd_gotoxy(1,2); 
0479:  MOVLW  01
047A:  MOVWF  23
047B:  MOVLW  02
047C:  MOVWF  24
047D:  CALL   294
....................          printf(lcd_putc, "ERROR_032: la variable X6_VT_6"); 
047E:  CLRF   21
047F:  MOVF   21,W
0480:  CALL   104
0481:  INCF   21,F
0482:  MOVWF  77
0483:  MOVWF  22
0484:  CALL   2A6
0485:  MOVLW  1E
0486:  SUBWF  21,W
0487:  BTFSS  03.2
0488:  GOTO   47F
....................          break; 
0489:  GOTO   605
....................       } 
048A:  GOTO   604
....................       //funcion de arduino lecturasEnBajada05 
....................       else if (input(PIN_A0) == 1 && input(PIN_A1)==1 && input(PIN_A2)==1 && input(PIN_A3)==0) 
048B:  BSF    03.5
048C:  BSF    05.0
048D:  BCF    03.5
048E:  BTFSS  05.0
048F:  GOTO   4CA
0490:  BSF    03.5
0491:  BSF    05.1
0492:  BCF    03.5
0493:  BTFSS  05.1
0494:  GOTO   4CA
0495:  BSF    03.5
0496:  BSF    05.2
0497:  BCF    03.5
0498:  BTFSS  05.2
0499:  GOTO   4CA
049A:  BSF    03.5
049B:  BSF    05.3
049C:  BCF    03.5
049D:  BTFSC  05.3
049E:  GOTO   4CA
....................       { 
....................          lcd_putc("\f"); 
049F:  CLRF   21
04A0:  MOVF   21,W
04A1:  CALL   00C
04A2:  IORLW  00
04A3:  BTFSC  03.2
04A4:  GOTO   4A9
04A5:  INCF   21,F
04A6:  MOVWF  22
04A7:  CALL   2A6
04A8:  GOTO   4A0
....................          lcd_gotoxy(1,1); 
04A9:  MOVLW  01
04AA:  MOVWF  23
04AB:  MOVWF  24
04AC:  CALL   294
....................          printf(lcd_putc, "Error en:"); 
04AD:  CLRF   21
04AE:  MOVF   21,W
04AF:  CALL   041
04B0:  INCF   21,F
04B1:  MOVWF  77
04B2:  MOVWF  22
04B3:  CALL   2A6
04B4:  MOVLW  09
04B5:  SUBWF  21,W
04B6:  BTFSS  03.2
04B7:  GOTO   4AE
....................          lcd_gotoxy(1,2); 
04B8:  MOVLW  01
04B9:  MOVWF  23
04BA:  MOVLW  02
04BB:  MOVWF  24
04BC:  CALL   294
....................          printf(lcd_putc, "ERROR_013: la variable X7_VT_05"); 
04BD:  CLRF   21
04BE:  MOVF   21,W
04BF:  CALL   127
04C0:  INCF   21,F
04C1:  MOVWF  77
04C2:  MOVWF  22
04C3:  CALL   2A6
04C4:  MOVLW  1F
04C5:  SUBWF  21,W
04C6:  BTFSS  03.2
04C7:  GOTO   4BE
....................          break; 
04C8:  GOTO   605
....................       } 
04C9:  GOTO   604
....................       else if (input(PIN_A0) == 0 && input(PIN_A1)==0 && input(PIN_A2)==0 && input(PIN_A3)==1) 
04CA:  BSF    03.5
04CB:  BSF    05.0
04CC:  BCF    03.5
04CD:  BTFSC  05.0
04CE:  GOTO   509
04CF:  BSF    03.5
04D0:  BSF    05.1
04D1:  BCF    03.5
04D2:  BTFSC  05.1
04D3:  GOTO   509
04D4:  BSF    03.5
04D5:  BSF    05.2
04D6:  BCF    03.5
04D7:  BTFSC  05.2
04D8:  GOTO   509
04D9:  BSF    03.5
04DA:  BSF    05.3
04DB:  BCF    03.5
04DC:  BTFSS  05.3
04DD:  GOTO   509
....................       { 
....................          lcd_putc("\f"); 
04DE:  CLRF   21
04DF:  MOVF   21,W
04E0:  CALL   00C
04E1:  IORLW  00
04E2:  BTFSC  03.2
04E3:  GOTO   4E8
04E4:  INCF   21,F
04E5:  MOVWF  22
04E6:  CALL   2A6
04E7:  GOTO   4DF
....................          lcd_gotoxy(1,1); 
04E8:  MOVLW  01
04E9:  MOVWF  23
04EA:  MOVWF  24
04EB:  CALL   294
....................          printf(lcd_putc, "Error en:"); 
04EC:  CLRF   21
04ED:  MOVF   21,W
04EE:  CALL   041
04EF:  INCF   21,F
04F0:  MOVWF  77
04F1:  MOVWF  22
04F2:  CALL   2A6
04F3:  MOVLW  09
04F4:  SUBWF  21,W
04F5:  BTFSS  03.2
04F6:  GOTO   4ED
....................          lcd_gotoxy(1,2); 
04F7:  MOVLW  01
04F8:  MOVWF  23
04F9:  MOVLW  02
04FA:  MOVWF  24
04FB:  CALL   294
....................          printf(lcd_putc,"ERROR_023: la variable X7_VT_05"); 
04FC:  CLRF   21
04FD:  MOVF   21,W
04FE:  CALL   14B
04FF:  INCF   21,F
0500:  MOVWF  77
0501:  MOVWF  22
0502:  CALL   2A6
0503:  MOVLW  1F
0504:  SUBWF  21,W
0505:  BTFSS  03.2
0506:  GOTO   4FD
....................          break; 
0507:  GOTO   605
....................       } 
0508:  GOTO   604
....................       else if (input(PIN_A0) == 1 && input(PIN_A1)==0 && input(PIN_A2)==0 && input(PIN_A3)==1) 
0509:  BSF    03.5
050A:  BSF    05.0
050B:  BCF    03.5
050C:  BTFSS  05.0
050D:  GOTO   548
050E:  BSF    03.5
050F:  BSF    05.1
0510:  BCF    03.5
0511:  BTFSC  05.1
0512:  GOTO   548
0513:  BSF    03.5
0514:  BSF    05.2
0515:  BCF    03.5
0516:  BTFSC  05.2
0517:  GOTO   548
0518:  BSF    03.5
0519:  BSF    05.3
051A:  BCF    03.5
051B:  BTFSS  05.3
051C:  GOTO   548
....................       { 
....................          lcd_putc("\f"); 
051D:  CLRF   21
051E:  MOVF   21,W
051F:  CALL   00C
0520:  IORLW  00
0521:  BTFSC  03.2
0522:  GOTO   527
0523:  INCF   21,F
0524:  MOVWF  22
0525:  CALL   2A6
0526:  GOTO   51E
....................          lcd_gotoxy(1,1); 
0527:  MOVLW  01
0528:  MOVWF  23
0529:  MOVWF  24
052A:  CALL   294
....................          printf(lcd_putc, "Error en:"); 
052B:  CLRF   21
052C:  MOVF   21,W
052D:  CALL   041
052E:  INCF   21,F
052F:  MOVWF  77
0530:  MOVWF  22
0531:  CALL   2A6
0532:  MOVLW  09
0533:  SUBWF  21,W
0534:  BTFSS  03.2
0535:  GOTO   52C
....................           lcd_gotoxy(1,2); 
0536:  MOVLW  01
0537:  MOVWF  23
0538:  MOVLW  02
0539:  MOVWF  24
053A:  CALL   294
....................          printf(lcd_putc,"ERROR_033: la variable X6_VT_05"); 
053B:  CLRF   21
053C:  MOVF   21,W
053D:  CALL   16F
053E:  INCF   21,F
053F:  MOVWF  77
0540:  MOVWF  22
0541:  CALL   2A6
0542:  MOVLW  1F
0543:  SUBWF  21,W
0544:  BTFSS  03.2
0545:  GOTO   53C
....................          break; 
0546:  GOTO   605
....................       } 
0547:  GOTO   604
....................       //funcion de arduino lecturasEnBajadas6 
....................       else if (input(PIN_A0) == 0 && input(PIN_A1)==1 && input(PIN_A2)==0 && input(PIN_A3)==1) 
0548:  BSF    03.5
0549:  BSF    05.0
054A:  BCF    03.5
054B:  BTFSC  05.0
054C:  GOTO   587
054D:  BSF    03.5
054E:  BSF    05.1
054F:  BCF    03.5
0550:  BTFSS  05.1
0551:  GOTO   587
0552:  BSF    03.5
0553:  BSF    05.2
0554:  BCF    03.5
0555:  BTFSC  05.2
0556:  GOTO   587
0557:  BSF    03.5
0558:  BSF    05.3
0559:  BCF    03.5
055A:  BTFSS  05.3
055B:  GOTO   587
....................       { 
....................          lcd_putc("\f"); 
055C:  CLRF   21
055D:  MOVF   21,W
055E:  CALL   00C
055F:  IORLW  00
0560:  BTFSC  03.2
0561:  GOTO   566
0562:  INCF   21,F
0563:  MOVWF  22
0564:  CALL   2A6
0565:  GOTO   55D
....................          lcd_gotoxy(1,1); 
0566:  MOVLW  01
0567:  MOVWF  23
0568:  MOVWF  24
0569:  CALL   294
....................          printf(lcd_putc, "Error en:"); 
056A:  CLRF   21
056B:  MOVF   21,W
056C:  CALL   041
056D:  INCF   21,F
056E:  MOVWF  77
056F:  MOVWF  22
0570:  CALL   2A6
0571:  MOVLW  09
0572:  SUBWF  21,W
0573:  BTFSS  03.2
0574:  GOTO   56B
....................          lcd_gotoxy(1,2); 
0575:  MOVLW  01
0576:  MOVWF  23
0577:  MOVLW  02
0578:  MOVWF  24
0579:  CALL   294
....................          printf(lcd_putc, "ERROR_014: la variable X7_VT_6"); 
057A:  CLRF   21
057B:  MOVF   21,W
057C:  CALL   193
057D:  INCF   21,F
057E:  MOVWF  77
057F:  MOVWF  22
0580:  CALL   2A6
0581:  MOVLW  1E
0582:  SUBWF  21,W
0583:  BTFSS  03.2
0584:  GOTO   57B
....................          break; 
0585:  GOTO   605
....................       } 
0586:  GOTO   604
....................       else if (input(PIN_A0) == 1 && input(PIN_A1)==1 && input(PIN_A2)==0 && input(PIN_A3)==1) 
0587:  BSF    03.5
0588:  BSF    05.0
0589:  BCF    03.5
058A:  BTFSS  05.0
058B:  GOTO   5C6
058C:  BSF    03.5
058D:  BSF    05.1
058E:  BCF    03.5
058F:  BTFSS  05.1
0590:  GOTO   5C6
0591:  BSF    03.5
0592:  BSF    05.2
0593:  BCF    03.5
0594:  BTFSC  05.2
0595:  GOTO   5C6
0596:  BSF    03.5
0597:  BSF    05.3
0598:  BCF    03.5
0599:  BTFSS  05.3
059A:  GOTO   5C6
....................       { 
....................          lcd_putc("\f"); 
059B:  CLRF   21
059C:  MOVF   21,W
059D:  CALL   00C
059E:  IORLW  00
059F:  BTFSC  03.2
05A0:  GOTO   5A5
05A1:  INCF   21,F
05A2:  MOVWF  22
05A3:  CALL   2A6
05A4:  GOTO   59C
....................          lcd_gotoxy(1,1); 
05A5:  MOVLW  01
05A6:  MOVWF  23
05A7:  MOVWF  24
05A8:  CALL   294
....................          printf(lcd_putc, "Error en:"); 
05A9:  CLRF   21
05AA:  MOVF   21,W
05AB:  CALL   041
05AC:  INCF   21,F
05AD:  MOVWF  77
05AE:  MOVWF  22
05AF:  CALL   2A6
05B0:  MOVLW  09
05B1:  SUBWF  21,W
05B2:  BTFSS  03.2
05B3:  GOTO   5AA
....................          lcd_gotoxy(1,2); 
05B4:  MOVLW  01
05B5:  MOVWF  23
05B6:  MOVLW  02
05B7:  MOVWF  24
05B8:  CALL   294
....................          printf(lcd_putc,"ERROR_024: la variable X7_VT_6"); 
05B9:  CLRF   21
05BA:  MOVF   21,W
05BB:  CALL   1B6
05BC:  INCF   21,F
05BD:  MOVWF  77
05BE:  MOVWF  22
05BF:  CALL   2A6
05C0:  MOVLW  1E
05C1:  SUBWF  21,W
05C2:  BTFSS  03.2
05C3:  GOTO   5BA
....................          break; 
05C4:  GOTO   605
....................       } 
05C5:  GOTO   604
....................       else if (input(PIN_A0) == 0 && input(PIN_A1)==0 && input(PIN_A2)==1 && input(PIN_A3)==1) 
05C6:  BSF    03.5
05C7:  BSF    05.0
05C8:  BCF    03.5
05C9:  BTFSC  05.0
05CA:  GOTO   604
05CB:  BSF    03.5
05CC:  BSF    05.1
05CD:  BCF    03.5
05CE:  BTFSC  05.1
05CF:  GOTO   604
05D0:  BSF    03.5
05D1:  BSF    05.2
05D2:  BCF    03.5
05D3:  BTFSS  05.2
05D4:  GOTO   604
05D5:  BSF    03.5
05D6:  BSF    05.3
05D7:  BCF    03.5
05D8:  BTFSS  05.3
05D9:  GOTO   604
....................       { 
....................          lcd_putc("\f"); 
05DA:  CLRF   21
05DB:  MOVF   21,W
05DC:  CALL   00C
05DD:  IORLW  00
05DE:  BTFSC  03.2
05DF:  GOTO   5E4
05E0:  INCF   21,F
05E1:  MOVWF  22
05E2:  CALL   2A6
05E3:  GOTO   5DB
....................          lcd_gotoxy(1,1); 
05E4:  MOVLW  01
05E5:  MOVWF  23
05E6:  MOVWF  24
05E7:  CALL   294
....................          printf(lcd_putc, "Error en:"); 
05E8:  CLRF   21
05E9:  MOVF   21,W
05EA:  CALL   041
05EB:  INCF   21,F
05EC:  MOVWF  77
05ED:  MOVWF  22
05EE:  CALL   2A6
05EF:  MOVLW  09
05F0:  SUBWF  21,W
05F1:  BTFSS  03.2
05F2:  GOTO   5E9
....................           lcd_gotoxy(1,2); 
05F3:  MOVLW  01
05F4:  MOVWF  23
05F5:  MOVLW  02
05F6:  MOVWF  24
05F7:  CALL   294
....................          printf(lcd_putc,"ERROR_034: la variable X6_VT_6"); 
05F8:  CLRF   21
05F9:  MOVF   21,W
05FA:  CALL   1D9
05FB:  INCF   21,F
05FC:  MOVWF  77
05FD:  MOVWF  22
05FE:  CALL   2A6
05FF:  MOVLW  1E
0600:  SUBWF  21,W
0601:  BTFSS  03.2
0602:  GOTO   5F9
....................          break; 
0603:  GOTO   605
....................       } 
....................    }while(true); 
0604:  GOTO   2F2
.................... } 
0605:  SLEEP

Configuration Fuses:
   Word  1: 3F11   NOWDT PUT INTRC NOMCLR NOBROWNOUT NOLVP NOCPD NOPROTECT
